
> umafight-tactics@1.0.0 simulate
> tsx scripts/simulate.ts --season s5 --matches 20 --seed 20260909

Season s5: 크라운 피날레, 60 units
  2/20 matches
  4/20 matches
  6/20 matches
  8/20 matches
  10/20 matches
  12/20 matches
  14/20 matches
  16/20 matches
  18/20 matches
  20/20 matches
simulate — 20 matches in 33.8s (seed base 20260909)

  average end stage      5.95
  average rounds/match   33.1
  average gold held      5.7
  average player damage  9.4
  battles                2674 (draws 4, overtime 572)
  pool conservation      OK

  3-star completions per match:
    1-cost  1.05
    2-cost  0.75
    3-cost  0.30
    4-cost  0.00
    5-cost  0.00

  average placement by AI profile:
    AD_FOCUS     3.96
    FAST_LEVEL   4.00
    TRAIT_FOCUS  4.26
    AP_FOCUS     4.40
    BALANCED     4.56
    ECONOMY      5.18
    REROLL       5.23

  trait presence (top4 / top1 share):
    도주           5.0% / 20.0%
    스테이어         5.0% / 20.0%
    헤이세이 왕조      5.0% / 20.0%
    불굴의 맹세       3.8% / 15.0%
    중거리          2.5% / 10.0%
    더트 챔피언       2.5% / 10.0%
    피날레          1.3% / 5.0%
    왕관의 계승자      0.0% / 0.0%
    영광의 유산       0.0% / 0.0%
    선행           0.0% / 0.0%

simulate — OK
