
> umafight-tactics@1.0.0 simulate
> tsx scripts/simulate.ts --season s1 --matches 20 --seed 20260909

Season s1: 트윙클 개막전, 60 units
  2/20 matches
  4/20 matches
  6/20 matches
  8/20 matches
  10/20 matches
  12/20 matches
  14/20 matches
  16/20 matches
  18/20 matches
  20/20 matches
simulate — 20 matches in 38.8s (seed base 20260909)

  average end stage      5.85
  average rounds/match   32.9
  average gold held      5.8
  average player damage  9.3
  battles                2685 (draws 10, overtime 418)
  pool conservation      OK

  3-star completions per match:
    1-cost  1.25
    2-cost  0.50
    3-cost  0.30
    4-cost  0.00
    5-cost  0.00

  average placement by AI profile:
    FAST_LEVEL   2.96
    ECONOMY      4.23
    BALANCED     4.36
    AP_FOCUS     4.70
    AD_FOCUS     4.74
    TRAIT_FOCUS  5.26
    REROLL       5.45

  trait presence (top4 / top1 share):
    도주           5.0% / 20.0%
    원팀           3.8% / 15.0%
    선행           3.8% / 15.0%
    선입           3.8% / 15.0%
    더트 챔피언       2.5% / 10.0%
    페이스메이커       1.3% / 5.0%
    개막 기수        1.3% / 5.0%
    중거리          1.3% / 5.0%
    명가           1.3% / 5.0%
    역전극          1.3% / 5.0%

simulate — OK
